          List of relations
 Schema |   Name   | Type  |  Owner   
--------+----------+-------+----------
 public | usuarios | table | postgres
(1 row)

